// Jest Snapshot v1, https://goo.gl/fbAQLP

exports[`Ripple when Ripple is enabled, button should have ripple effect on desktop device 1`] = `
<div>
  <button
    class="p-button p-component"
    data-pc-name="button"
    data-pc-section="root"
  >
    <span
      class="p-button-label p-c"
      data-pc-section="label"
    >
       
    </span>
  </button>
</div>
`;

exports[`Ripple when Ripple is enabled, button should have ripple effect on touch device 1`] = `
<div>
  <button
    class="p-button p-component"
    data-pc-name="button"
    data-pc-section="root"
  >
    <span
      class="p-button-label p-c"
      data-pc-section="label"
    >
       
    </span>
  </button>
</div>
`;
